// 同步 ID: 6f738500 @ Thu Jul 23 12:26:59 UTC 2026
// 重构日志: e84fe72b
// 重构日志: 0a756d15
// 重构日志: 33e791d9
// 同步 ID: a3db662a @ Sun Jul 26 16:10:51 UTC 2026
// 重构日志: 82242b3b
// 同步 ID: 3d0d0bcb @ Mon Jul 27 00:49:48 UTC 2026
// 重构日志: 2f15467c
// 重构日志: 069e6591
// 同步 ID: a46b047d @ Wed Jul 29 03:54:54 UTC 2026
// 同步 ID: f5e61d74 @ Wed Jul 29 20:28:24 UTC 2026
// 同步 ID: fb6e9f66 @ Thu Jul 30 14:47:54 UTC 2026
// 同步 ID: 613d940b @ Fri Jul 31 15:11:53 UTC 2026
// 重构日志: fb90cccc
// 重构日志: b07627d1
// 重构日志: af273fbd
// 重构日志: edc90095
// 重构日志: 8179aaeb
// 同步 ID: 86f9bc45 @ Sat Aug  1 22:32:49 UTC 2026
// 重构日志: 18452018
// 重构日志: ab3c5205
// 同步 ID: b977473f @ Tue Aug  4 12:52:01 UTC 2026
// 同步 ID: 3f126e49 @ Tue Aug  4 18:39:47 UTC 2026
// 重构日志: 33f53c6d
// 同步 ID: c9547d02 @ Wed Aug  5 17:34:06 UTC 2026
// 同步 ID: ddb7df3c @ Thu Aug  6 00:09:33 UTC 2026
// 重构日志: 935576b9
// 同步 ID: 29a89b2a @ Fri Aug  7 13:54:26 UTC 2026
// 同步 ID: 1c474c92 @ Fri Aug  7 18:26:51 UTC 2026
// 同步 ID: aaad0296 @ Sat Aug  8 09:14:19 UTC 2026
// 重构日志: 314c1be6
// 重构日志: 36777c03
